AWS CloudFormation to provision the host.
CentOS is the target host OS.

Current elrepo link
# yum install -y https://www.elrepo.org/elrepo-release-7.0-4.el7.elrepo.noarch.rpm

EC2 IAM Profile/Role/Policy is required to download files from S3 non-public bucket to EC2 instance
Manage Credentials for Applications Running on Amazon EC2 Instances
https://docs.aws.amazon.com/AWSCloudFormation/latest/UserGuide/using-iam-template.html#using-iam-template-manage-creds

SSH to the instance and login as 'centos' using the key specified at launch. Additional information may be found at : http://wiki.centos.org/Cloud/AWS
sudo -s

Cloud-init to set basic things on the EC2 instance
# https://cloudinit.readthedocs.io/en/latest/topics/examples.html
# Upgrade the instance on first boot
package_upgrade: true
# Install additional packages on first boot
packages: 
# to access resources in AWS S3
- awscli
# we will use Ansible for futher installations
- ansible
# clone Ansible playbooks from GitHub
- git
# epel-release is a repository with python-pip
- epel-release

aws version, when installed from yum
[centos@ip-172-31-1-5 ~]$ aws --version
aws-cli/1.14.28 Python/2.7.5 Linux/3.10.0-862.3.2.el7.x86_64 botocore/1.8.35

Alternative way to install awscli
pip install awscli

[centos@ip-172-31-1-5 ~]$ localectl status
   System Locale: LANG=en_US.UTF-8
       VC Keymap: us
      X11 Layout: us
[centos@ip-172-31-1-5 ~]$ locale
locale: Cannot set LC_CTYPE to default locale: No such file or directory
locale: Cannot set LC_MESSAGES to default locale: No such file or directory
locale: Cannot set LC_ALL to default locale: No such file or directory
LANG=C.UTF-8
LC_CTYPE="C.UTF-8"
LC_NUMERIC="C.UTF-8"
LC_TIME="C.UTF-8"
LC_COLLATE="C.UTF-8"
LC_MONETARY="C.UTF-8"
LC_MESSAGES="C.UTF-8"
LC_PAPER="C.UTF-8"
LC_NAME="C.UTF-8"
LC_ADDRESS="C.UTF-8"
LC_TELEPHONE="C.UTF-8"
LC_MEASUREMENT="C.UTF-8"
LC_IDENTIFICATION="C.UTF-8"
LC_ALL=
[centos@ip-172-31-1-5 ~]$ cat /etc/locale.conf
LANG=en_US.UTF-8

[centos@ip-172-31-1-5 ~]$ printenv PATH
/usr/local/bin:/usr/bin:/usr/local/sbin:/usr/sbin:/home/centos/.local/bin:/home/centos/bin
[centos@ip-172-31-1-5 ~]$ python --version
Python 2.7.5

Groupinstall automation
https://docs.ansible.com/ansible/latest/modules/yum_module.html#notes
Use the ids in ()
[centos@ip-172-31-1-5 ~]$ yum group list hidden ids | grep virtualization
...
   Virtualization Host (virtualization-host-environment)
   Virtualization Client (virtualization-client)
   Virtualization Hypervisor (virtualization-hypervisor)
   Virtualization Platform (virtualization-platform)
   Virtualization Tools (virtualization-tools)

[centos@ip-172-31-1-5 ~]$ yum groups info "Virtualization Host"
...
Environment Group: Virtualization Host
 Environment-Id: virtualization-host-environment
 Description: Minimal virtualization host.
 Mandatory Groups:
   +base
   +core
   +virtualization-hypervisor
   +virtualization-tools
 Optional Groups:
   +debugging
   +network-file-system-client
   +remote-system-management
   +virtualization-platform
[centos@ip-172-31-1-5 ~]$ yum groups info "Virtualization Platform"
...
Group: Virtualization Platform
 Group-Id: virtualization-platform
 Description: Provides an interface for accessing and controlling virtualized guests and containers.
 Mandatory Packages:
   +libvirt
   +libvirt-client
   +virt-who
 Optional Packages:
   fence-virtd-libvirt
   fence-virtd-multicast
   fence-virtd-serial
   libvirt-cim
   libvirt-java
   libvirt-snmp
   perl-Sys-Virt

# Access 
aws s3 sync s3://juniper-vmx/test.txt .

vMX install guide asks to add this path to /etc/profile. So, I wanted to know, what is there.
[centos@ip-172-31-1-5 ~]$ ls /opt/rh/python27/root/usr/bin/
easy_install  easy_install-2.7  pip  pip2  pip2.7  pydoc  python  python-config  python2  python2-config  python2.7  python2.7-config
